2026-05-22 23:53:21 - WARNING - [task_update_ranked_weeks] - Ranked week not found for Crezork
2026-05-22 23:53:23 - WARNING - [task_update_ranked_weeks] - Ranked week not found for 11Nic011
2026-05-22 23:53:24 - WARNING - [task_update_ranked_weeks] - Ranked week not found for Kakashi:*
2026-05-22 23:53:26 - WARNING - [task_update_ranked_weeks] - Ranked week not found for AioScHi
2026-05-22 23:53:27 - WARNING - [task_update_ranked_weeks] - Ranked week not found for IAmDreamwing
2026-05-22 23:53:28 - WARNING - [task_update_ranked_weeks] - Ranked week not found for byToobii
2026-05-22 23:53:28 - WARNING - [task_update_ranked_weeks] - Ranked week not found for Gör
2026-05-22 23:53:29 - WARNING - [task_update_ranked_weeks] - Ranked week not found for skarmorist3
2026-05-22 23:53:30 - WARNING - [task_update_ranked_weeks] - Ranked week not found for skarmorist2
2026-05-23 00:34:42 - INFO - [task_update_ranked_weeks] - Running task at 2026-05-23 00:34:42.516134  
2026-05-23 00:34:43 - WARNING - [task_update_ranked_weeks] - Ranked week not found for Crezork
2026-05-23 00:34:45 - WARNING - [task_update_ranked_weeks] - Ranked week not found for 11Nic011
2026-05-23 00:34:46 - WARNING - [task_update_ranked_weeks] - Ranked week not found for Kakashi:*
2026-05-23 00:34:48 - WARNING - [task_update_ranked_weeks] - Ranked week not found for AioScHi
2026-05-23 00:34:49 - WARNING - [task_update_ranked_weeks] - Ranked week not found for IAmDreamwing
2026-05-23 00:34:50 - WARNING - [task_update_ranked_weeks] - Ranked week not found for byToobii
2026-05-23 00:34:50 - WARNING - [task_update_ranked_weeks] - Ranked week not found for Gör
2026-05-23 00:34:51 - WARNING - [task_update_ranked_weeks] - Ranked week not found for skarmorist3
2026-05-23 00:34:52 - WARNING - [task_update_ranked_weeks] - Ranked week not found for skarmorist2
2026-05-23 00:35:03 - WARNING - [task_update_ranked_weeks] - Ranked week not found for Goon
2026-05-23 00:35:06 - WARNING - [task_update_ranked_weeks] - Ranked week not found for Fabian
2026-05-23 00:35:06 - WARNING - [task_update_ranked_weeks] - Ranked week not found for Alexa
2026-05-23 00:35:07 - WARNING - [task_update_ranked_weeks] - Ranked week not found for mona
2026-05-23 00:35:11 - WARNING - [task_update_ranked_weeks] - Ranked week not found for AS Koma
2026-05-23 00:35:11 - WARNING - [task_update_ranked_weeks] - Ranked week not found for Schmeili 01we
2026-05-23 00:35:14 - WARNING - [task_update_ranked_weeks] - Ranked week not found for jonny
2026-05-23 00:35:22 - WARNING - [task_update_ranked_weeks] - Ranked week not found for Haram
2026-05-23 00:35:26 - INFO - [task_update_ranked_weeks] - Adding new ranked defense log for  Homers87 
2026-05-23 00:35:29 - INFO - [task_update_ranked_weeks] - Adding new ranked defense log for  GerminatorSuxx 
2026-05-23 00:35:37 - WARNING - [task_update_ranked_weeks] - Ranked week not found for Dreamwing
2026-05-23 00:37:25 - INFO - [task_update_ranked_weeks] - Running task at 2026-05-23 00:37:25.516443  
2026-05-23 00:37:26 - DEBUG - [task_update_ranked_weeks] - Ranked week not found for Crezork
2026-05-23 00:37:28 - DEBUG - [task_update_ranked_weeks] - Ranked week not found for 11Nic011
2026-05-23 00:37:29 - DEBUG - [task_update_ranked_weeks] - Ranked week not found for Kakashi:*
2026-05-23 00:37:31 - DEBUG - [task_update_ranked_weeks] - Ranked week not found for AioScHi
2026-05-23 00:37:32 - DEBUG - [task_update_ranked_weeks] - Ranked week not found for IAmDreamwing
2026-05-23 00:37:33 - DEBUG - [task_update_ranked_weeks] - Ranked week not found for byToobii
2026-05-23 00:37:33 - DEBUG - [task_update_ranked_weeks] - Ranked week not found for Gör
2026-05-23 00:37:34 - DEBUG - [task_update_ranked_weeks] - Ranked week not found for skarmorist3
2026-05-23 00:37:35 - DEBUG - [task_update_ranked_weeks] - Ranked week not found for skarmorist2
2026-05-23 00:37:46 - DEBUG - [task_update_ranked_weeks] - Ranked week not found for Goon
2026-05-23 00:45:05 - INFO - [task_update_ranked_weeks] - Running task at 2026-05-23 00:45:05.785114  
2026-05-23 00:56:41 - INFO - [task_update_ranked_weeks] - Running task at 2026-05-23 00:56:41.756236  
